logic__1205: 
datapath__257: 
logic__843: 
case__540: 
datapath__70: 
datapath__48: 
case__757: 
datapath__46: 
reg__125: 
reg__179: 
datapath__84: 
logic__1680: 
case__687: 
datapath__11: 
logic__874: 
logic__1472: 
case__411: 
reg__45: 
datapath__27: 
reg__199: 
datapath__35: 
case__78: 
counter__1: 
case__377: 
reg__110: 
logic__798: 
datapath__203: 
logic__1266: 
logic__841: 
case__562: 
counter__8: 
case__96: 
datapath__129: 
logic__34: 
case__117: 
reg__93: 
datapath__79: 
logic__234: 
datapath__142: 
datapath__134: 
reg__44: 
case__265: 
datapath__26: 
logic__179: 
case__200: 
case__720: 
case__546: 
datapath__113: 
datapath__135: 
case__587: 
logic__486: 
case__66: 
datapath__4: 
case__505: 
logic__1013: 
case__392: 
case__685: 
case__36: 
case__324: 
logic__1: 
case__38: 
datapath__138: 
case__119: 
datapath__89: 
logic__1498: 
logic__1404: 
case__544: 
case__725: 
reg__148: 
datapath__259: 
logic__1768: 
datapath__36: 
logic__1142: 
case__202: 
case__320: 
case__376: 
logic__1125: 
case__295: 
logic__774: 
case__462: 
case__318: 
logic__870: 
case__136: 
logic__663: 
logic__1021: 
logic__1979: 
case__541: 
logic__251: 
datapath__71: 
logic__860: 
logic__1911: 
logic__509: 
logic__1261: 
reg__204: 
logic__969: 
logic__90: 
logic__489: 
case__746: 
datapath__32: 
case__554: 
case__114: 
datapath__208: 
logic__971: 
logic__1158: 
case__383: 
logic__86: 
logic__199: 
case__53: 
case__479: 
logic__130: 
logic__1357: 
logic__1327: 
case__323: 
reg__139: 
logic__223: 
logic__472: 
datapath__20: 
case__203: 
case__391: 
reg__203: 
datapath__41: 
reg__28: 
case__624: 
logic__205: 
reg__151: 
case__76: 
case__81: 
case__189: 
logic__166: 
logic__775: 
logic__540: 
logic__1127: 
datapath__30: 
case__626: 
logic__805: 
datapath__231: 
logic__1024: 
case__52: 
case__300: 
logic__1217: 
case__154: 
case__193: 
logic__1117: 
datapath__184: 
datapath__42: 
case__298: 
logic__505: 
datapath__196: 
case__127: 
logic__263: 
case__678: 
logic__252: 
logic__418: 
case__744: 
logic__312: 
reg__53: 
logic__1043: 
skid_buffer__parameterized0: 
datapath__73: 
datapath__115: 
reg__39: 
reg__158: 
case__190: 
case__691: 
case__128: 
case__170: 
logic__1758: 
logic__780: 
logic__1566: 
logic__256: 
case__595: 
logic__871: 
logic__512: 
logic__1116: 
reg__186: 
case__141: 
reg__35: 
logic__405: 
logic__527: 
case__652: 
case__439: 
logic__443: 
datapath__176: 
datapath__255: 
reg__149: 
reg__106: 
reg__13: 
case__181: 
logic__448: 
case__426: 
logic__298: 
case__77: 
case__276: 
logic__1937: 
reg__8: 
logic__206: 
reg__117: 
logic__1248: 
logic__1664: 
case__12: 
case__656: 
datapath__51: 
case__64: 
case__445: 
logic__1037: 
logic__1107: 
reg__180: 
case__381: 
case__87: 
case__151: 
case__311: 
datapath__192: 
datapath__132: 
logic__341: 
logic__828: 
datapath__105: 
logic__1269: 
logic__1959: 
case__280: 
logic__1940: 
datapath__150: 
case__153: 
datapath__149: 
reg__86: 
logic__1677: 
case__416: 
logic__220: 
logic__1667: 
reg__163: 
logic__1719: 
reg__159: 
case__561: 
case__111: 
case__758: 
logic__1563: 
logic__976: 
case__84: 
datapath__118: 
datapath__256: 
logic__1846: 
logic__1273: 
case__122: 
logic__420: 
counter__4: 
logic__1885: 
case__146: 
datapath__57: 
logic__1325: 
case__312: 
case__73: 
datapath__72: 
logic__791: 
case__548: 
case__134: 
logic__1075: 
case__256: 
case__152: 
logic__1543: 
reg__121: 
reg__97: 
muxpart__156: 
logic__1181: 
case__56: 
case__560: 
datapath__80: 
case__314: 
axi_traffic_gen: 
counter__3: 
case__444: 
logic__1264: 
reg__176: 
logic__1550: 
case__542: 
case__263: 
reg__75: 
logic__570: 
case__185: 
logic__208: 
logic__521: 
datapath__263: 
logic__1391: 
reg__183: 
muxpart: 
reg__4: 
datapath__12: 
logic__1950: 
case__412: 
case__112: 
case__396: 
logic__30: 
reg__105: 
reg__60: 
datapath__74: 
case__89: 
case__188: 
logic__522: 
datapath__137: 
case__402: 
datapath__10: 
case__27: 
logic__1540: 
reg__54: 
case__677: 
datapath__49: 
datapath__52: 
case__443: 
reg__143: 
logic__73: 
logic__1143: 
case__75: 
logic__87: 
logic__1268: 
logic__406: 
case__271: 
logic__29: 
case__101: 
case__552: 
case__113: 
case__159: 
case__149: 
reg__168: 
reg__145: 
case__382: 
datapath__106: 
logic__257: 
case__473: 
logic__1063: 
extram__1: 
logic__1341: 
case__686: 
case__319: 
reg__72: 
case__9: 
case__753: 
case__147: 
reg__170: 
case__291: 
logic__1777: 
case__254: 
reg__130: 
datapath__146: 
case__460: 
logic__863: 
datapath__144: 
datapath__252: 
logic__1534: 
logic__1173: 
logic__1433: 
case__262: 
reg__79: 
case__304: 
reg__90: 
logic__37: 
logic__1215: 
logic__511: 
case__494: 
logic__191: 
reg__1: 
case__496: 
case__86: 
reg__82: 
reg__166: 
case__384: 
logic__667: 
logic__407: 
logic__1475: 
datapath__140: 
logic__784: 
logic__1213: 
logic__1240: 
logic__194: 
reg__43: 
case__106: 
reg__135: 
reg__153: 
logic__601: 
case__279: 
counter__6: 
case__150: 
datapath__264: 
case__207: 
logic__594: 
datapath__6: 
logic__175: 
datapath__195: 
reg__147: 
datapath__240: 
datapath__243: 
logic__523: 
logic__74: 
reg__200: 
logic__1875: 
logic__856: 
logic__311: 
datapath__278: 
case__121: 
reg__144: 
case__196: 
logic__80: 
datapath__136: 
logic__761: 
reg__123: 
logic__1569: 
datapath__130: 
logic__517: 
case__752: 
logic__1209: 
logic__557: 
datapath__81: 
case__476: 
logic__1833: 
case__164: 
datapath__19: 
case__161: 
datapath__276: 
datapath__60: 
case__736: 
logic__835: 
case__120: 
logic__219: 
logic__576: 
case__100: 
logic__212: 
case__139: 
reg__189: 
case__385: 
logic__1354: 
logic__1729: 
case__463: 
logic__424: 
reg__202: 
case__617: 
case__23: 
case__51: 
case__316: 
reg__51: 
datapath__183: 
case__511: 
case__92: 
datapath__43: 
reg__58: 
case__592: 
reg__61: 
reg__187: 
case__405: 
case__303: 
case__79: 
reg__118: 
case__292: 
case__177: 
case__194: 
case__481: 
case__600: 
reg__71: 
logic__1930: 
axi_traffic_gen__parameterized0: 
datapath__261: 
logic__579: 
logic__255: 
logic__1018: 
case__745: 
reg__92: 
case__274: 
logic__797: 
logic__1226: 
extladd__1: 
logic__1745: 
case__615: 
reg__87: 
datapath__55: 
reg__114: 
logic__1469: 
logic__767: 
case__430: 
logic__1349: 
case__756: 
datapath__34: 
datapath__101: 
logic__504: 
logic__666: 
logic__297: 
reg__80: 
logic__116: 
case__549: 
logic__351: 
axi_bram_slave__parameterized0: 
case__186: 
case__255: 
reg__119: 
reg__101: 
case__509: 
logic__638: 
logic__315: 
datapath__22: 
case__67: 
case__513: 
logic__258: 
case__627: 
reg__9: 
case__394: 
datapath__179: 
logic__652: 
reg__162: 
logic__404: 
case__115: 
datapath__69: 
logic__1216: 
case__435: 
case__174: 
case__410: 
reg__46: 
case__287: 
case__436: 
case__493: 
logic__262: 
case__588: 
case__61: 
case__184: 
case__390: 
case__41: 
datapath__197: 
logic__563: 
reg__160: 
logic__123: 
logic__301: 
datapath__110: 
case__105: 
logic__1521: 
logic__475: 
case__135: 
logic__388: 
reg__67: 
logic__1066: 
logic__259: 
datapath__205: 
datapath__44: 
logic__595: 
logic__514: 
case__732: 
case__93: 
case__80: 
logic__485: 
case__175: 
datapath__269: 
logic__172: 
logic__342: 
reg__164: 
case__689: 
counter__2: 
reg__84: 
logic__829: 
logic__799: 
logic__1225: 
case__205: 
reg__74: 
logic__348: 
case__742: 
logic__478: 
case__591: 
datapath__145: 
case__299: 
logic__1927: 
reg__141: 
reg__169: 
logic__1774: 
datapath__163: 
case__138: 
reg__157: 
logic__232: 
logic__1953: 
case__88: 
case__575: 
logic__580: 
logic__867: 
skid_buffer: 
logic__421: 
case__261: 
datapath__16: 
case__157: 
logic__552: 
logic__1167: 
reg__192: 
logic__624: 
reg__21: 
case__110: 
case__446: 
skid_buffer__parameterized1: 
logic__785: 
case__270: 
case__104: 
logic__647: 
logic__368: 
logic__216: 
case__94: 
case__553: 
logic__630: 
datapath__47: 
logic__1233: 
case__748: 
datapath__23: 
datapath__65: 
reg__181: 
datapath__213: 
logic__77: 
extladd: 
logic__334: 
case__378: 
datapath__266: 
reg__89: 
logic__1019: 
logic__1511: 
reg__122: 
reg__88: 
case__583: 
logic__1901: 
logic__43: 
reg__23: 
logic__639: 
logic__593: 
axi_bram_slave: 
case__616: 
case__403: 
reg__116: 
logic__783: 
logic__1343: 
address_decoder: 
logic__524: 
logic__1966: 
logic__495: 
case__399: 
logic__1514: 
logic__1220: 
case__55: 
muxpart__13: 
case__407: 
logic__333: 
logic__1985: 
logic__201: 
case__755: 
logic__1200: 
case__514: 
datapath: 
datapath__274: 
reg__76: 
logic__1495: 
case__325: 
logic__1052: 
logic__1267: 
datapath__125: 
case: 
datapath__1: 
reg__129: 
logic__364: 
reg__48: 
datapath__206: 
logic__1331: 
case__621: 
reg__78: 
logic__233: 
case__269: 
logic__1914: 
datapath__212: 
case__614: 
logic__670: 
datapath__109: 
datapath__21: 
case__199: 
datapath__75: 
datapath__141: 
datapath__247: 
case__62: 
logic__510: 
reg__91: 
datapath__200: 
datapath__25: 
extram: 
datapath__188: 
logic__1338: 
reg__83: 
reg__112: 
case__109: 
logic__571: 
case__690: 
case__126: 
reg__50: 
reg__65: 
logic__468: 
datapath__76: 
logic__1111: 
logic__506: 
logic__192: 
logic__1969: 
extram__2: 
case__326: 
logic__202: 
logic__455: 
case__307: 
case__210: 
reg__63: 
reg__73: 
logic__218: 
case__676: 
datapath__67: 
case__24: 
logic__1963: 
logic__1214: 
case__619: 
case__40: 
logic__272: 
case__688: 
logic__198: 
reg__197: 
case__284: 
datapath__56: 
logic__1150: 
datapath__61: 
logic__1239: 
datapath__191: 
reg__173: 
case__468: 
logic__1165: 
logic__1556: 
case__751: 
case__669: 
case__144: 
case__538: 
axi4_lite_control: 
reg__70: 
datapath__59: 
datapath__14: 
logic__1732: 
datapath__209: 
reg__156: 
logic__1360: 
muxpart__14: 
logic__207: 
logic__1735: 
case__133: 
case__68: 
reg__16: 
case__672: 
case__547: 
case__317: 
logic__1485: 
logic__1456: 
logic__1259: 
reg__22: 
logic__1706: 
logic__335: 
datapath__7: 
logic__231: 
reg__15: 
logic__864: 
logic__1417: 
logic__637: 
case__400: 
case__8: 
logic__371: 
logic__596: 
case__22: 
logic__410: 
reg__14: 
reg__142: 
case__622: 
reg__152: 
case__397: 
case__729: 
logic__345: 
logic__848: 
case__281: 
case__72: 
logic__1068: 
case__288: 
case__172: 
logic__374: 
case__158: 
case__609: 
reg__104: 
reg__85: 
case__579: 
case__257: 
datapath__235: 
case__625: 
datapath__38: 
case__315: 
reg__191: 
case__176: 
logic__304: 
case__264: 
case__25: 
logic__1270: 
logic__502: 
case__98: 
logic__644: 
case__596: 
case__125: 
reg__198: 
reg__150: 
logic__1553: 
datapath__180: 
datapath__272: 
datapath__227: 
case__754: 
logic__129: 
logic__1028: 
reg__49: 
datapath__13: 
datapath__189: 
logic__1227: 
logic__970: 
case__208: 
logic__1069: 
case__750: 
case__475: 
reg__136: 
logic__1029: 
logic__1430: 
reg__124: 
case__107: 
reg__109: 
reg__52: 
case__681: 
logic__1241: 
case__118: 
logic__452: 
case__42: 
datapath__77: 
logic__546: 
logic__1129: 
logic__503: 
case__371: 
case__512: 
datapath__3: 
case__749: 
case__504: 
logic__1004: 
logic__414: 
case__613: 
case__379: 
datapath__62: 
reg__24: 
logic__1722: 
logic__1742: 
case__305: 
logic__1126: 
case__449: 
case__470: 
reg__185: 
case__90: 
axi4_crossbar: 
reg__165: 
datapath__45: 
case__611: 
case__388: 
datapath__2: 
datapath__17: 
case__103: 
logic__1651: 
datapath__114: 
case__413: 
datapath__267: 
case__99: 
case__290: 
logic__840: 
datapath__128: 
case__469: 
case__155: 
case__393: 
logic__985: 
case__728: 
case__187: 
case__198: 
reg__12: 
reg__18: 
case__401: 
case__124: 
case__389: 
logic__1693: 
logic__1482: 
case__510: 
case__302: 
case__142: 
axi4_xbar_hw_top: 
case__310: 
logic__158: 
reg__37: 
case__296: 
case__471: 
case__601: 
logic__1446: 
logic__458: 
case__7: 
case__558: 
datapath__147: 
logic__1917: 
datapath__54: 
reg__31: 
case__380: 
logic__1031: 
case__260: 
logic__770: 
logic__653: 
logic__1115: 
case__140: 
reg__19: 
logic__293: 
datapath__126: 
logic__1443: 
logic__1260: 
case__267: 
logic__1141: 
case__168: 
case__673: 
datapath__122: 
logic__1265: 
logic__857: 
case__293: 
datapath__83: 
case__437: 
case__551: 
logic__1956: 
datapath__207: 
datapath__133: 
reg__201: 
logic__1560: 
reg__17: 
logic__1102: 
case__166: 
case__501: 
case__372: 
logic__625: 
case__137: 
datapath__117: 
reg__26: 
datapath__175: 
logic__1118: 
logic__1751: 
logic__115: 
logic__1530: 
reg__177: 
case__733: 
logic__1709: 
logic__1262: 
logic__163: 
logic__250: 
logic__178: 
datapath__204: 
datapath__78: 
case__282: 
reg__29: 
datapath__270: 
logic__1324: 
case__178: 
muxpart__157: 
reg__5: 
case__545: 
datapath__119: 
datapath__187: 
datapath__24: 
case__668: 
logic__1488: 
logic__1122: 
logic__1625: 
reg__113: 
case__70: 
datapath__167: 
case__440: 
case__258: 
logic: 
logic__193: 
case__712: 
logic__842: 
datapath__193: 
logic__1161: 
case__278: 
logic__1340: 
case__145: 
logic__1263: 
datapath__199: 
datapath__265: 
logic__978: 
case__724: 
case__477: 
logic__44: 
logic__47: 
case__129: 
case__285: 
logic__280: 
case__398: 
case__395: 
case__197: 
case__69: 
logic__968: 
datapath__244: 
logic__762: 
logic__1517: 
logic__120: 
logic__636: 
reg__77: 
case__275: 
case__442: 
reg__102: 
logic__566: 
reg__115: 
case__37: 
case__162: 
reg__140: 
case__478: 
logic__195: 
logic__659: 
datapath__248: 
logic__1924: 
logic__1982: 
muxpart__15: 
case__102: 
case__716: 
case__604: 
case__740: 
reg__64: 
logic__1991: 
logic__656: 
logic__117: 
datapath__139: 
datapath__273: 
reg__81: 
case__664: 
logic__338: 
case__674: 
logic__543: 
reg__134: 
case__160: 
logic__1859: 
case__301: 
datapath__102: 
logic__492: 
logic__851: 
reg__62: 
logic__1027: 
case__266: 
datapath__210: 
logic__413: 
case__665: 
case__10: 
case__459: 
case__130: 
logic__200: 
datapath__39: 
case__26: 
reg__175: 
logic__558: 
logic__1223: 
logic__1174: 
reg__131: 
datapath__123: 
case__448: 
reg__94: 
reg__132: 
case__156: 
case__492: 
case__618: 
case__259: 
case__60: 
logic__411: 
case__386: 
skid_buffer__parameterized2: 
case__283: 
logic__305: 
datapath__148: 
reg__20: 
datapath__121: 
datapath__9: 
logic__469: 
reg__103: 
logic__1690: 
logic__834: 
reg__38: 
case__550: 
logic__1972: 
logic__660: 
counter__7: 
case__95: 
logic__1976: 
datapath__93: 
case__472: 
logic__461: 
datapath__31: 
reg__27: 
case__429: 
case__182: 
datapath__18: 
logic__1459: 
case__682: 
logic__394: 
logic__587: 
reg__59: 
logic__533: 
reg__69: 
datapath__211: 
logic__1501: 
reg__188: 
datapath__277: 
reg__57: 
case__737: 
case__74: 
case__272: 
logic__1067: 
datapath__214: 
logic__419: 
case__648: 
logic__800: 
logic__1898: 
logic__1166: 
datapath__29: 
case__427: 
logic__520: 
reg__66: 
logic__1537: 
case__91: 
logic__1346: 
datapath__239: 
datapath__271: 
logic__271: 
case__204: 
reg__68: 
logic__270: 
case__313: 
logic__279: 
logic__1119: 
case__374: 
case__502: 
case__306: 
logic__1135: 
logic__241: 
logic__1045: 
reg__161: 
logic__31: 
muxpart__131: 
logic__1020: 
case__85: 
logic__1764: 
case__660: 
logic__308: 
case__387: 
case__599: 
datapath__50: 
case__309: 
case__54: 
reg__56: 
case__169: 
case__201: 
case__131: 
case__294: 
case__132: 
case__65: 
datapath__40: 
case__165: 
datapath__58: 
axi_bram_slave__parameterized1: 
case__192: 
case__123: 
case__555: 
reg__95: 
reg__34: 
logic__451: 
case__308: 
logic__412: 
case__322: 
datapath__275: 
logic__631: 
logic__1716: 
logic__1872: 
case__620: 
datapath__82: 
logic__1943: 
datapath__131: 
case__605: 
case__167: 
case__116: 
reg__98: 
logic__160: 
case__408: 
case__21: 
case__209: 
reg__107: 
reg__190: 
logic__1030: 
logic__1771: 
logic__1128: 
logic__513: 
datapath__5: 
logic__581: 
case__507: 
case__108: 
reg__96: 
reg__193: 
case__286: 
case__191: 
case__741: 
case__373: 
counter__5: 
case__289: 
logic__1074: 
case__179: 
datapath__201: 
datapath__127: 
case__661: 
logic__417: 
logic__1172: 
logic__1703: 
datapath__268: 
logic__217: 
case__171: 
reg__184: 
logic__213: 
logic__240: 
case__461: 
logic__1224: 
case__559: 
datapath__33: 
case__71: 
datapath__253: 
reg__133: 
case__97: 
logic__4: 
case__482: 
reg__36: 
logic__1326: 
logic__72: 
case__59: 
logic__1638: 
datapath__171: 
logic__445: 
logic__190: 
case__680: 
case__557: 
datapath__8: 
reg__47: 
datapath__63: 
datapath__251: 
case__277: 
logic__1547: 
logic__1083: 
case__608: 
case__11: 
logic__537: 
logic__549: 
logic__965: 
logic__1164: 
reg__194: 
counter: 
case__63: 
case__441: 
datapath__143: 
datapath__260: 
case__495: 
logic__273: 
case__327: 
case__195: 
datapath__66: 
logic__1017: 
reg__41: 
case__409: 
case__508: 
reg__108: 
reg__167: 
logic__1076: 
case__506: 
case__539: 
reg__111: 
logic__1761: 
logic__391: 
reg__174: 
case__183: 
logic__1527: 
case__404: 
case__268: 
logic__1060: 
case__321: 
datapath__64: 
case__83: 
case__57: 
case__406: 
case__474: 
logic__224: 
logic__1009: 
logic__1508: 
case__415: 
reg__30: 
datapath__97: 
case__607: 
reg: 
case__428: 
logic__387: 
case__82: 
logic__289: 
reg__55: 
logic__1256: 
case__39: 
case__438: 
case__543: 
case__603: 
reg__182: 
reg__40: 
logic__209: 
case__143: 
case__163: 
round_robin_arbiter: 
datapath__202: 
logic__1044: 
logic__133: 
reg__33: 
case__738: 
reg__25: 
case__503: 
case__684: 
logic__539: 
case__173: 
reg__178: 
logic__397: 
datapath__53: 
reg__146: 
case__206: 
logic__1748: 
datapath__68: 
logic__1524: 
reg__128: 
case__58: 
case__612: 
logic__1888: 
logic__1342: 
case__623: 
datapath__28: 
logic__365: 
case__375: 
logic__444: 
reg__32: 
logic__1755: 
reg__120: 
logic__977: 
reg__42: 
case__148: 
case__273: 
logic__159: 
